###############################################################################
#
# IAR ELF Linker V7.40.5.9725/W32 for ARM                 09/Oct/2015  13:39:17
# Copyright 2007-2015 IAR Systems AB.
#
#    Output file  =  
#        C:\qp\qpc\examples\arm-cm\game_ek-lm3s811\qk\iar\dbg\game-qk.out
#    Map file     =  
#        C:\qp\qpc\examples\arm-cm\game_ek-lm3s811\qk\iar\dbg\game-qk.map
#    Command line =  
#        C:\qp\qpc\examples\arm-cm\game_ek-lm3s811\qk\iar\dbg\bsp.o
#        C:\qp\qpc\examples\arm-cm\game_ek-lm3s811\qk\iar\dbg\display96x16x1.o
#        C:\qp\qpc\examples\arm-cm\game_ek-lm3s811\qk\iar\dbg\main.o
#        C:\qp\qpc\examples\arm-cm\game_ek-lm3s811\qk\iar\dbg\mine1.o
#        C:\qp\qpc\examples\arm-cm\game_ek-lm3s811\qk\iar\dbg\mine2.o
#        C:\qp\qpc\examples\arm-cm\game_ek-lm3s811\qk\iar\dbg\missile.o
#        C:\qp\qpc\examples\arm-cm\game_ek-lm3s811\qk\iar\dbg\qep_hsm.o
#        C:\qp\qpc\examples\arm-cm\game_ek-lm3s811\qk\iar\dbg\qep_msm.o
#        C:\qp\qpc\examples\arm-cm\game_ek-lm3s811\qk\iar\dbg\qf_act.o
#        C:\qp\qpc\examples\arm-cm\game_ek-lm3s811\qk\iar\dbg\qf_actq.o
#        C:\qp\qpc\examples\arm-cm\game_ek-lm3s811\qk\iar\dbg\qf_defer.o
#        C:\qp\qpc\examples\arm-cm\game_ek-lm3s811\qk\iar\dbg\qf_dyn.o
#        C:\qp\qpc\examples\arm-cm\game_ek-lm3s811\qk\iar\dbg\qf_mem.o
#        C:\qp\qpc\examples\arm-cm\game_ek-lm3s811\qk\iar\dbg\qf_ps.o
#        C:\qp\qpc\examples\arm-cm\game_ek-lm3s811\qk\iar\dbg\qf_qact.o
#        C:\qp\qpc\examples\arm-cm\game_ek-lm3s811\qk\iar\dbg\qf_qeq.o
#        C:\qp\qpc\examples\arm-cm\game_ek-lm3s811\qk\iar\dbg\qf_qmact.o
#        C:\qp\qpc\examples\arm-cm\game_ek-lm3s811\qk\iar\dbg\qf_time.o
#        C:\qp\qpc\examples\arm-cm\game_ek-lm3s811\qk\iar\dbg\qk.o
#        C:\qp\qpc\examples\arm-cm\game_ek-lm3s811\qk\iar\dbg\qk_mutex.o
#        C:\qp\qpc\examples\arm-cm\game_ek-lm3s811\qk\iar\dbg\qk_port.o
#        C:\qp\qpc\examples\arm-cm\game_ek-lm3s811\qk\iar\dbg\qstamp.o
#        C:\qp\qpc\examples\arm-cm\game_ek-lm3s811\qk\iar\dbg\ship.o
#        C:\qp\qpc\examples\arm-cm\game_ek-lm3s811\qk\iar\dbg\startup_LM3S811.o
#        C:\qp\qpc\examples\arm-cm\game_ek-lm3s811\qk\iar\dbg\system_LM3S811.o
#        C:\qp\qpc\examples\arm-cm\game_ek-lm3s811\qk\iar\dbg\tunnel.o
#        --redirect _Printf=_PrintfTiny --redirect _Scanf=_ScanfSmall -o
#        C:\qp\qpc\examples\arm-cm\game_ek-lm3s811\qk\iar\dbg\game-qk.out --map
#        C:\qp\qpc\examples\arm-cm\game_ek-lm3s811\qk\iar\dbg\game-qk.map
#        --config C:\qp\qpc\examples\arm-cm\game_ek-lm3s811\qk\iar\game-qk.icf
#        --semihosting --entry __iar_program_start --vfe
#
###############################################################################

*******************************************************************************
*** RUNTIME MODEL ATTRIBUTES
***

CppFlavor       = *
__SystemLibrary = DLib


*******************************************************************************
*** PLACEMENT SUMMARY
***

"A1":  place at 0x00000000 { ro section .intvec };
"P1":  place in [from 0x00000000 to 0x0000ffff] { ro };
"P2":  place in [from 0x20000000 to 0x20001fff] { rw, block CSTACK, block HEAP };

  Section            Kind        Address    Size  Object
  -------            ----        -------    ----  ------
"A1":                                       0xb8
  .intvec            ro code  0x00000000    0xb8  startup_LM3S811.o [1]
                            - 0x000000b8    0xb8

"P1":                                     0x37fc
  .text              ro code  0x000000b8   0xb24  tunnel.o [1]
  .text              ro code  0x00000bdc    0x20  qf_qmact.o [1]
  .text              ro code  0x00000bfc   0x178  qf_time.o [1]
  .text              ro code  0x00000d74   0x214  mine1.o [1]
  .text              ro code  0x00000f88   0x214  mine2.o [1]
  .text              ro code  0x0000119c    0x78  ABImemmove_unaligned.o [4]
  .text              ro code  0x00001214    0x76  ABImemcpy_unaligned.o [4]
  .text              ro code  0x0000128c   0x3e4  bsp.o [1]
  .text              ro code  0x00001670   0x118  qf_ps.o [1]
  .text              ro code  0x00001788    0x66  ABImemset.o [4]
  .text              ro code  0x000017f0   0x1a8  qk.o [1]
  .text              ro code  0x00001998    0x4c  qf_act.o [1]
  .text              ro code  0x000019e4   0x254  qep_msm.o [1]
  .text              ro code  0x00001c38   0x120  qf_dyn.o [1]
  .text              ro code  0x00001d58   0x294  system_LM3S811.o [1]
  .text              ro code  0x00001fec   0x53c  display96x16x1.o [1]
  CODE               ro code  0x00002528    0x68  qk_port.o [1]
  .text              ro code  0x00002590    0x1a  qf_qeq.o [1]
  .text              ro code  0x000025ac   0x208  qf_actq.o [1]
  .text              ro code  0x000027b4   0x138  qf_mem.o [1]
  .text              ro code  0x000028ec   0x218  ship.o [1]
  .rodata            const    0x00002b04   0x1dc  display96x16x1.o [1]
  .text              ro code  0x00002ce0   0x16c  missile.o [1]
  .text              ro code  0x00002e4c    0xc0  main.o [1]
  .rodata            const    0x00002f0c    0x74  display96x16x1.o [1]
  .rodata            const    0x00002f80    0x5c  system_LM3S811.o [1]
  .text              ro code  0x00002fdc    0x58  startup_LM3S811.o [1]
  .text              ro code  0x00003034     0xc  cstartup_M.o [4]
  .text              ro code  0x00003040    0x1a  cmain.o [4]
  .text              ro code  0x0000305a     0x4  low_level_init.o [3]
  .text              ro code  0x00003060    0x28  data_init.o [4]
  .text              ro code  0x00003088     0x4  exit.o [3]
  .text              ro code  0x0000308c     0xa  cexit.o [4]
  .text              ro code  0x00003098    0x14  exit.o [5]
  .rodata            const    0x000030ac    0x50  display96x16x1.o [1]
  .rodata            const    0x000030fc    0x50  tunnel.o [1]
  .rodata            const    0x0000314c    0x44  qf_act.o [1]
  .rodata            const    0x00003190    0x44  qf_act.o [1]
  .rodata            const    0x000031d4    0x44  qf_act.o [1]
  .text              ro code  0x00003218    0x40  zero_init3.o [4]
  .rodata            const    0x00003258    0x38  tunnel.o [1]
  .rodata            const    0x00003290    0x34  bsp.o [1]
  .rodata            const    0x000032c4    0x34  mine1.o [1]
  .rodata            const    0x000032f8    0x34  mine2.o [1]
  .rodata            const    0x0000332c    0x34  tunnel.o [1]
  .text              ro code  0x00003360    0x2c  copy_init3.o [4]
  .iar.init_table    const    0x0000338c    0x24  - Linker created -
  .rodata            const    0x000033b0    0x14  mine1.o [1]
  .rodata            const    0x000033c4    0x14  mine1.o [1]
  .rodata            const    0x000033d8    0x14  mine1.o [1]
  .rodata            const    0x000033ec    0x14  mine1.o [1]
  .rodata            const    0x00003400    0x14  mine2.o [1]
  .rodata            const    0x00003414    0x14  mine2.o [1]
  .rodata            const    0x00003428    0x14  mine2.o [1]
  .rodata            const    0x0000343c    0x14  mine2.o [1]
  .rodata            const    0x00003450    0x14  missile.o [1]
  .rodata            const    0x00003464    0x14  missile.o [1]
  .rodata            const    0x00003478    0x14  missile.o [1]
  .rodata            const    0x0000348c    0x14  qep_msm.o [1]
  .rodata            const    0x000034a0    0x14  qf_qmact.o [1]
  .rodata            const    0x000034b4    0x14  ship.o [1]
  .rodata            const    0x000034c8    0x14  ship.o [1]
  .rodata            const    0x000034dc    0x14  ship.o [1]
  .rodata            const    0x000034f0    0x14  ship.o [1]
  .rodata            const    0x00003504    0x14  tunnel.o [1]
  .rodata            const    0x00003518    0x14  tunnel.o [1]
  .rodata            const    0x0000352c    0x14  tunnel.o [1]
  .rodata            const    0x00003540    0x14  tunnel.o [1]
  .rodata            const    0x00003554    0x14  tunnel.o [1]
  .rodata            const    0x00003568    0x14  tunnel.o [1]
  .rodata            const    0x0000357c    0x14  tunnel.o [1]
  .rodata            const    0x00003590    0x14  tunnel.o [1]
  .rodata            const    0x000035a4    0x14  tunnel.o [1]
  .rodata            const    0x000035b8    0x14  tunnel.o [1]
  .rodata            const    0x000035cc    0x14  tunnel.o [1]
  .rodata            const    0x000035e0    0x14  tunnel.o [1]
  .rodata            const    0x000035f4    0x10  tunnel.o [1]
  .rodata            const    0x00003604    0x10  tunnel.o [1]
  .rodata            const    0x00003614    0x10  tunnel.o [1]
  .rodata            const    0x00003624    0x10  tunnel.o [1]
  .rodata            const    0x00003634    0x10  tunnel.o [1]
  .rodata            const    0x00003644    0x10  tunnel.o [1]
  .rodata            const    0x00003654    0x10  tunnel.o [1]
  .rodata            const    0x00003664     0xc  mine1.o [1]
  .rodata            const    0x00003670     0xc  mine1.o [1]
  .rodata            const    0x0000367c     0xc  mine1.o [1]
  .rodata            const    0x00003688     0xc  mine1.o [1]
  .rodata            const    0x00003694     0xc  mine1.o [1]
  .rodata            const    0x000036a0     0xc  mine2.o [1]
  .rodata            const    0x000036ac     0xc  mine2.o [1]
  .rodata            const    0x000036b8     0xc  mine2.o [1]
  .rodata            const    0x000036c4     0xc  mine2.o [1]
  .rodata            const    0x000036d0     0xc  mine2.o [1]
  .rodata            const    0x000036dc     0xc  missile.o [1]
  .rodata            const    0x000036e8     0xc  ship.o [1]
  .rodata            const    0x000036f4     0xc  ship.o [1]
  .rodata            const    0x00003700     0xc  ship.o [1]
  .rodata            const    0x0000370c     0xc  ship.o [1]
  .rodata            const    0x00003718     0xc  tunnel.o [1]
  .rodata            const    0x00003724     0xc  tunnel.o [1]
  .rodata            const    0x00003730     0xc  tunnel.o [1]
  .rodata            const    0x0000373c     0xc  tunnel.o [1]
  .rodata            const    0x00003748     0xc  tunnel.o [1]
  .rodata            const    0x00003754     0xc  tunnel.o [1]
  .rodata            const    0x00003760     0x8  display96x16x1.o [1]
  .rodata            const    0x00003768     0x8  display96x16x1.o [1]
  .rodata            const    0x00003770     0x8  display96x16x1.o [1]
  .rodata            const    0x00003778     0x8  display96x16x1.o [1]
  .rodata            const    0x00003780     0x8  mine1.o [1]
  .rodata            const    0x00003788     0x8  mine1.o [1]
  .rodata            const    0x00003790     0x8  mine1.o [1]
  .rodata            const    0x00003798     0x8  mine1.o [1]
  .rodata            const    0x000037a0     0x8  mine2.o [1]
  .rodata            const    0x000037a8     0x8  mine2.o [1]
  .rodata            const    0x000037b0     0x8  mine2.o [1]
  .rodata            const    0x000037b8     0x8  mine2.o [1]
  .rodata            const    0x000037c0     0x8  missile.o [1]
  .rodata            const    0x000037c8     0x8  missile.o [1]
  .rodata            const    0x000037d0     0x8  missile.o [1]
  .rodata            const    0x000037d8     0x8  missile.o [1]
  .rodata            const    0x000037e0     0x8  missile.o [1]
  .rodata            const    0x000037e8     0x8  qep_msm.o [1]
  .rodata            const    0x000037f0     0x8  qep_msm.o [1]
  .rodata            const    0x000037f8     0x8  qf_act.o [1]
  .rodata            const    0x00003800     0x8  qf_actq.o [1]
  .rodata            const    0x00003808     0x8  qf_dyn.o [1]
  .rodata            const    0x00003810     0x8  qf_mem.o [1]
  .rodata            const    0x00003818     0x8  qf_ps.o [1]
  .rodata            const    0x00003820     0x8  qf_time.o [1]
  .rodata            const    0x00003828     0x8  ship.o [1]
  .rodata            const    0x00003830     0x8  ship.o [1]
  .rodata            const    0x00003838     0x8  tunnel.o [1]
  .rodata            const    0x00003840     0x8  tunnel.o [1]
  .rodata            const    0x00003848     0x8  tunnel.o [1]
  .rodata            const    0x00003850     0x8  tunnel.o [1]
  .rodata            const    0x00003858     0x8  tunnel.o [1]
  .rodata            const    0x00003860     0x8  tunnel.o [1]
  .rodata            const    0x00003868     0x8  tunnel.o [1]
  .rodata            const    0x00003870     0x8  tunnel.o [1]
  .rodata            const    0x00003878     0x4  bsp.o [1]
  .rodata            const    0x0000387c     0x4  bsp.o [1]
  .rodata            const    0x00003880     0x4  missile.o [1]
  .rodata            const    0x00003884     0x4  qk.o [1]
  .rodata            const    0x00003888     0x4  ship.o [1]
  .rodata            const    0x0000388c     0x4  tunnel.o [1]
  .rodata            const    0x00003890     0x4  tunnel.o [1]
  .rodata            const    0x00003894     0x4  tunnel.o [1]
  .rodata            const    0x00003898     0x4  tunnel.o [1]
  .rodata            const    0x0000389c     0x4  tunnel.o [1]
  .rodata            const    0x000038a0     0x4  tunnel.o [1]
  .rodata            const    0x000038a4     0x4  tunnel.o [1]
  .rodata            const    0x000038a8     0x4  tunnel.o [1]
  .rodata            const    0x000038ac     0x0  zero_init3.o [4]
  .rodata            const    0x000038ac     0x0  copy_init3.o [4]
  Initializer bytes  const    0x000038ac     0x8  <for P2 s0>
                            - 0x000038b4  0x37fc

"P2":                                      0x970
  P2 s0                       0x20000000     0x8  <Init block>
    .data            inited   0x20000000     0x8  bsp.o [1]
  .bss               zero     0x20000008    0xc0  tunnel.o [1]
  .bss               zero     0x200000c8    0xc0  tunnel.o [1]
  .bss               zero     0x20000188    0xa0  main.o [1]
  .bss               zero     0x20000228    0x90  tunnel.o [1]
  .bss               zero     0x200002b8    0x84  qf_act.o [1]
  .bss               zero     0x2000033c    0x50  mine1.o [1]
  .bss               zero     0x2000038c    0x50  mine2.o [1]
  .bss               zero     0x200003dc    0x3c  qf_dyn.o [1]
  .bss               zero     0x20000418    0x34  ship.o [1]
  .bss               zero     0x2000044c    0x30  missile.o [1]
  .bss               zero     0x2000047c    0x28  main.o [1]
  .bss               zero     0x200004a4    0x28  main.o [1]
  .bss               zero     0x200004cc    0x24  qk.o [1]
  .bss               zero     0x200004f0    0x20  main.o [1]
  .bss               zero     0x20000510    0x20  qf_time.o [1]
  .bss               zero     0x20000530     0xc  main.o [1]
  .bss               zero     0x2000053c     0x8  main.o [1]
  .bss               zero     0x20000544     0x4  bsp.o [1]
  .bss               zero     0x20000548     0x4  bsp.o [1]
  .bss               zero     0x2000054c     0x4  display96x16x1.o [1]
  .bss               zero     0x20000550     0x4  qf_dyn.o [1]
  .bss               zero     0x20000554     0x4  qf_ps.o [1]
  .bss               zero     0x20000558     0x4  qf_ps.o [1]
  .bss               zero     0x2000055c     0x4  qk.o [1]
  .bss               zero     0x20000560     0x4  qk_mutex.o [1]
  .bss               zero     0x20000564     0x4  system_LM3S811.o [1]
  .bss               zero     0x20000568     0x4  tunnel.o [1]
  .bss               zero     0x2000056c     0x1  display96x16x1.o [1]
  .bss               zero     0x2000056d     0x1  display96x16x1.o [1]
  .bss               zero     0x2000056e     0x1  mine1.o [1]
  .bss               zero     0x2000056f     0x1  mine2.o [1]
  CSTACK                      0x20000570   0x400  <Block>
    CSTACK           uninit   0x20000570   0x400  <Block tail>
                            - 0x20000970   0x970


*******************************************************************************
*** INIT TABLE
***

          Address     Size
          -------     ----
Zero (__iar_zero_init3)
    1 destination range, total size 0x568:
          0x20000008  0x568

Copy (__iar_copy_init3)
    1 source range, total size 0x8:
          0x000038ac    0x8
    1 destination range, total size 0x8:
          0x20000000    0x8



*******************************************************************************
*** MODULE SUMMARY
***

    Module                  ro code  ro data  rw data
    ------                  -------  -------  -------
C:\qp\qpc\examples\arm-cm\game_ek-lm3s811\qk\iar\dbg: [1]
    bsp.o                       996       68       16
    display96x16x1.o          1 340      704        6
    main.o                      192               292
    mine1.o                     532      224       81
    mine2.o                     532      224       81
    missile.o                   364      116       48
    qep_msm.o                   596       36
    qf_act.o                     76      212      132
    qf_actq.o                   520        8
    qf_dyn.o                    288        8       64
    qf_mem.o                    312        8
    qf_ps.o                     280        8        8
    qf_qeq.o                     26
    qf_qmact.o                   32       20
    qf_time.o                   376        8       32
    qk.o                        424        4       40
    qk_mutex.o                                      4
    qk_port.o                   104
    ship.o                      536      148       52
    startup_LM3S811.o           272
    system_LM3S811.o            660       92        4
    tunnel.o                  2 852      708      532
    -------------------------------------------------
    Total:                   11 310    2 596    1 392

command line: [2]
    -------------------------------------------------
    Total:

dl7M_tln.a: [3]
    exit.o                        4
    low_level_init.o              4
    -------------------------------------------------
    Total:                        8

rt7M_tl.a: [4]
    ABImemcpy_unaligned.o       118
    ABImemmove_unaligned.o      120
    ABImemset.o                 102
    cexit.o                      10
    cmain.o                      26
    copy_init3.o                 44
    cstartup_M.o                 12
    data_init.o                  40
    zero_init3.o                 64
    -------------------------------------------------
    Total:                      536

shb_l.a: [5]
    exit.o                       20
    -------------------------------------------------
    Total:                       20

    Gaps                         10
    Linker created                        36    1 024
-----------------------------------------------------
    Grand Total:             11 884    2 632    2 416


*******************************************************************************
*** ENTRY LIST
***

Entry                      Address   Size  Type      Object
-----                      -------   ----  ----      ------
.iar.init_table$$Base   0x0000338c          --   Gb  - Linker created -
.iar.init_table$$Limit  0x000033b0          --   Gb  - Linker created -
?main                   0x00003041         Code  Gb  cmain.o [4]
ADCSeq3_IRQHandler      0x00001349   0xbc  Code  Gb  bsp.o [1]
AO_Missile              0x00003880    0x4  Data  Gb  missile.o [1]
AO_Ship                 0x00003888    0x4  Data  Gb  ship.o [1]
AO_Tunnel               0x0000388c    0x4  Data  Gb  tunnel.o [1]
BSP_displayOff          0x00001551    0x8  Code  Gb  bsp.o [1]
BSP_displayOn           0x00001549    0x8  Code  Gb  bsp.o [1]
BSP_drawBitmap          0x00001521   0x12  Code  Gb  bsp.o [1]
BSP_drawNString         0x00001533   0x14  Code  Gb  bsp.o [1]
BSP_init                0x0000142d   0xf4  Code  Gb  bsp.o [1]
BSP_updateScore         0x00001547    0x2  Code  Gb  bsp.o [1]
CSTACK$$Base            0x20000570          --   Gb  - Linker created -
CSTACK$$Limit           0x20000970          --   Gb  - Linker created -
Display96x16x1Clear     0x000020ad   0x70  Code  Gb  display96x16x1.o [1]
Display96x16x1DisplayOff
                        0x00002501   0x28  Code  Gb  display96x16x1.o [1]
Display96x16x1DisplayOn
                        0x000023ed   0x92  Code  Gb  display96x16x1.o [1]
Display96x16x1ImageDraw
                        0x000021dd   0x7a  Code  Gb  display96x16x1.o [1]
Display96x16x1Init      0x00002257  0x196  Code  Gb  display96x16x1.o [1]
Display96x16x1StringDraw
                        0x0000211d   0xc0  Code  Gb  display96x16x1.o [1]
Display96x16x1WriteArray
                        0x00002039   0x36  Code  Lc  display96x16x1.o [1]
Display96x16x1WriteByte
                        0x0000200f   0x2a  Code  Lc  display96x16x1.o [1]
Display96x16x1WriteFinal
                        0x0000206f   0x3e  Code  Lc  display96x16x1.o [1]
Display96x16x1WriteFirst
                        0x00001ff5   0x1a  Code  Lc  display96x16x1.o [1]
GPIOPortA_IRQHandler    0x00001405   0x28  Code  Gb  bsp.o [1]
Mine1_ctor              0x00000d75   0x28  Code  Gb  mine1.o [1]
Mine1_exploding         0x00000e13   0x66  Code  Lc  mine1.o [1]
Mine1_exploding_e       0x00000e0b    0x8  Code  Lc  mine1.o [1]
Mine1_exploding_s       0x000033d8   0x14  Data  Lc  mine1.o [1]
Mine1_initial           0x00000d9d   0x16  Code  Lc  mine1.o [1]
Mine1_planted           0x00000e79   0xd2  Code  Lc  mine1.o [1]
Mine1_planted_s         0x000033ec   0x14  Data  Lc  mine1.o [1]
Mine1_unused            0x00000db3   0x1a  Code  Lc  mine1.o [1]
Mine1_unused_s          0x000033b0   0x14  Data  Lc  mine1.o [1]
Mine1_used              0x00000df9   0x12  Code  Lc  mine1.o [1]
Mine1_used_s            0x000033c4   0x14  Data  Lc  mine1.o [1]
Mine1_used_x            0x00000dcd   0x2c  Code  Lc  mine1.o [1]
Mine2_ctor              0x00000f89   0x28  Code  Gb  mine2.o [1]
Mine2_exploding         0x000010f9   0x66  Code  Lc  mine2.o [1]
Mine2_exploding_e       0x000010f1    0x8  Code  Lc  mine2.o [1]
Mine2_exploding_s       0x0000343c   0x14  Data  Lc  mine2.o [1]
Mine2_initial           0x00000fb1   0x16  Code  Lc  mine2.o [1]
Mine2_planted           0x0000101f   0xd2  Code  Lc  mine2.o [1]
Mine2_planted_s         0x00003428   0x14  Data  Lc  mine2.o [1]
Mine2_unused            0x00000fc7   0x1a  Code  Lc  mine2.o [1]
Mine2_unused_s          0x00003400   0x14  Data  Lc  mine2.o [1]
Mine2_used              0x0000100d   0x12  Code  Lc  mine2.o [1]
Mine2_used_s            0x00003414   0x14  Data  Lc  mine2.o [1]
Mine2_used_x            0x00000fe1   0x2c  Code  Lc  mine2.o [1]
Missile_armed           0x00002d05   0x1e  Code  Lc  missile.o [1]
Missile_armed_s         0x00003450   0x14  Data  Lc  missile.o [1]
Missile_ctor            0x00002ce1    0xe  Code  Gb  missile.o [1]
Missile_exploding       0x00002db1   0x76  Code  Lc  missile.o [1]
Missile_exploding_e     0x00002da7    0xa  Code  Lc  missile.o [1]
Missile_exploding_s     0x00003478   0x14  Data  Lc  missile.o [1]
Missile_flying          0x00002d23   0x84  Code  Lc  missile.o [1]
Missile_flying_s        0x00003464   0x14  Data  Lc  missile.o [1]
Missile_initial         0x00002cf1   0x14  Code  Lc  missile.o [1]
NVIC_EnableIRQ          0x000012af   0x16  Code  Lc  bsp.o [1]
NVIC_SetPriority        0x000012c5   0x22  Code  Lc  bsp.o [1]
NVIC_SetPriorityGrouping
                        0x0000128d   0x22  Code  Lc  bsp.o [1]
NVIC_SystemReset        0x000012e7   0x1c  Code  Lc  bsp.o [1]
PendSV_Handler          0x00002549         Code  Gb  qk_port.o [1]
QActive_get_            0x0000270b   0x94  Code  Gb  qf_actq.o [1]
QActive_postLIFO_       0x0000266b   0xa0  Code  Gb  qf_actq.o [1]
QActive_post_           0x000025ad   0xbe  Code  Gb  qf_actq.o [1]
QActive_start_          0x0000185d   0x52  Code  Gb  qk.o [1]
QActive_subscribe       0x00001711   0x5a  Code  Gb  qf_ps.o [1]
QEQueue_init            0x00002591   0x1a  Code  Gb  qf_qeq.o [1]
QF_active_              0x200002b8   0x84  Data  Gb  qf_act.o [1]
QF_add_                 0x00001999   0x34  Code  Gb  qf_act.o [1]
QF_bzero                0x000019d5   0x10  Code  Gb  qf_act.o [1]
QF_div8Lkup             0x000031d4   0x44  Data  Gb  qf_act.o [1]
QF_gc                   0x00001cfd   0x50  Code  Gb  qf_dyn.o [1]
QF_init                 0x000017f1   0x32  Code  Gb  qk.o [1]
QF_invPwr2Lkup          0x00003190   0x44  Data  Gb  qf_act.o [1]
QF_maxPool_             0x20000550    0x4  Data  Gb  qf_dyn.o [1]
QF_maxSignal_           0x20000558    0x4  Data  Gb  qf_ps.o [1]
QF_newX_                0x00001c97   0x66  Code  Gb  qf_dyn.o [1]
QF_onCleanup            0x000015ad    0x2  Code  Gb  bsp.o [1]
QF_onStartup            0x00001559   0x54  Code  Gb  bsp.o [1]
QF_poolInit             0x00001c39   0x5e  Code  Gb  qf_dyn.o [1]
QF_pool_                0x200003dc   0x3c  Data  Gb  qf_dyn.o [1]
QF_psInit               0x00001671   0x12  Code  Gb  qf_ps.o [1]
QF_publish_             0x00001683   0x8e  Code  Gb  qf_ps.o [1]
QF_pwr2Lkup             0x0000314c   0x44  Data  Gb  qf_act.o [1]
QF_run                  0x00001841   0x1c  Code  Gb  qk.o [1]
QF_stop                 0x00001823    0x8  Code  Gb  qk.o [1]
QF_subscrList_          0x20000554    0x4  Data  Gb  qf_ps.o [1]
QF_tickX_               0x00000bfd   0xb2  Code  Gb  qf_time.o [1]
QF_timeEvtHead_         0x20000510   0x20  Data  Gb  qf_time.o [1]
QK_ceilingPrio_         0x20000560    0x4  Data  Gb  qk_mutex.o [1]
QK_currPrio_            0x2000055c    0x4  Data  Gb  qk.o [1]
QK_init                 0x00002529         Code  Gb  qk_port.o [1]
QK_onIdle               0x000015af   0x1a  Code  Gb  bsp.o [1]
QK_readySet_            0x200004cc   0x24  Data  Gb  qk.o [1]
QK_schedPrio_           0x000018af   0x4a  Code  Gb  qk.o [1]
QK_sched_               0x000018f9   0x82  Code  Gb  qk.o [1]
QMActive_ctor           0x00000bdd   0x20  Code  Gb  qf_qmact.o [1]
QMPool_get              0x00002873   0x76  Code  Gb  qf_mem.o [1]
QMPool_init             0x000027b5   0x82  Code  Gb  qf_mem.o [1]
QMPool_put              0x00002837   0x3c  Code  Gb  qf_mem.o [1]
QMsm_ctor               0x000019e5    0xc  Code  Gb  qep_msm.o [1]
QMsm_dispatch_          0x00001a3b  0x10a  Code  Gb  qep_msm.o [1]
QMsm_enterHistory_      0x00001bbd   0x6e  Code  Lc  qep_msm.o [1]
QMsm_execTatbl_         0x00001b45   0x3e  Code  Gb  qep_msm.o [1]
QMsm_exitToTranSource_  0x00001b83   0x3a  Code  Lc  qep_msm.o [1]
QMsm_init_              0x000019f1   0x4a  Code  Gb  qep_msm.o [1]
QTimeEvt_armX           0x00000ce3   0x68  Code  Gb  qf_time.o [1]
QTimeEvt_ctorX          0x00000caf   0x34  Code  Gb  qf_time.o [1]
QTimeEvt_disarm         0x00000d4b   0x22  Code  Gb  qf_time.o [1]
Q_onAssert              0x00001669    0x8  Code  Gb  bsp.o [1]
Q_this_module_          0x00003290   0x34  Data  Lc  bsp.o [1]
Q_this_module_          0x000032c4   0x34  Data  Lc  mine1.o [1]
Q_this_module_          0x000032f8   0x34  Data  Lc  mine2.o [1]
Q_this_module_          0x000037e8    0x8  Data  Lc  qep_msm.o [1]
Q_this_module_          0x000037f8    0x8  Data  Lc  qf_act.o [1]
Q_this_module_          0x00003800    0x8  Data  Lc  qf_actq.o [1]
Q_this_module_          0x00003808    0x8  Data  Lc  qf_dyn.o [1]
Q_this_module_          0x00003810    0x8  Data  Lc  qf_mem.o [1]
Q_this_module_          0x00003818    0x8  Data  Lc  qf_ps.o [1]
Q_this_module_          0x00003820    0x8  Data  Lc  qf_time.o [1]
Q_this_module_          0x00003884    0x4  Data  Lc  qk.o [1]
Q_this_module_          0x0000332c   0x34  Data  Lc  tunnel.o [1]
Region$$Table$$Base     0x0000338c          --   Gb  - Linker created -
Region$$Table$$Limit    0x000033b0          --   Gb  - Linker created -
SVC_Handler             0x0000257f         Code  Gb  qk_port.o [1]
Ship_active             0x0000292d   0x1a  Code  Lc  ship.o [1]
Ship_active_i           0x00002925    0x8  Code  Lc  ship.o [1]
Ship_active_s           0x000034b4   0x14  Data  Lc  ship.o [1]
Ship_ctor               0x000028ed   0x1c  Code  Gb  ship.o [1]
Ship_exploding          0x00002a5f   0x82  Code  Lc  ship.o [1]
Ship_exploding_e        0x00002a55    0xa  Code  Lc  ship.o [1]
Ship_exploding_s        0x000034f0   0x14  Data  Lc  ship.o [1]
Ship_flying             0x00002985   0xd0  Code  Lc  ship.o [1]
Ship_flying_e           0x00002959   0x2c  Code  Lc  ship.o [1]
Ship_flying_s           0x000034dc   0x14  Data  Lc  ship.o [1]
Ship_initial            0x00002909   0x1c  Code  Lc  ship.o [1]
Ship_parked             0x00002947   0x12  Code  Lc  ship.o [1]
Ship_parked_s           0x000034c8   0x14  Data  Lc  ship.o [1]
SysCtlDelay             0x00001fed    0x8  Code  Lc  display96x16x1.o [1]
SysTick_Config          0x00001303   0x2e  Code  Lc  bsp.o [1]
SysTick_Handler         0x00001331   0x18  Code  Gb  bsp.o [1]
SystemCoreClock         0x20000564    0x4  Data  Gb  system_LM3S811.o [1]
SystemCoreClockUpdate   0x00001d59  0x1a8  Code  Gb  system_LM3S811.o [1]
SystemInit              0x00001f01   0x8c  Code  Gb  system_LM3S811.o [1]
Tunnel_active           0x000004db   0x4a  Code  Lc  tunnel.o [1]
Tunnel_active_s         0x00003540   0x14  Data  Lc  tunnel.o [1]
Tunnel_addImageAt       0x000002fd   0xb6  Code  Lc  tunnel.o [1]
Tunnel_advance          0x00000129  0x104  Code  Lc  tunnel.o [1]
Tunnel_ctor             0x000000b9   0x70  Code  Gb  tunnel.o [1]
Tunnel_demo             0x0000064d   0x66  Code  Lc  tunnel.o [1]
Tunnel_demo_e           0x000005e1   0x54  Code  Lc  tunnel.o [1]
Tunnel_demo_s           0x00003568   0x14  Data  Lc  tunnel.o [1]
Tunnel_demo_x           0x00000635   0x18  Code  Lc  tunnel.o [1]
Tunnel_dispatchToAllMines
                        0x000003b3   0x38  Code  Lc  tunnel.o [1]
Tunnel_final            0x00000a4d    0x4  Code  Lc  tunnel.o [1]
Tunnel_final_e          0x00000a31   0x1c  Code  Lc  tunnel.o [1]
Tunnel_final_s          0x000035e0   0x14  Data  Lc  tunnel.o [1]
Tunnel_game_over        0x0000091f   0x40  Code  Lc  tunnel.o [1]
Tunnel_game_over_e      0x000008d1   0x30  Code  Lc  tunnel.o [1]
Tunnel_game_over_s      0x00003590   0x14  Data  Lc  tunnel.o [1]
Tunnel_game_over_x      0x00000901   0x1e  Code  Lc  tunnel.o [1]
Tunnel_initial          0x00000471   0x6a  Code  Lc  tunnel.o [1]
Tunnel_isWallHit        0x000003eb   0x86  Code  Lc  tunnel.o [1]
Tunnel_plantMine        0x0000022d   0xd0  Code  Lc  tunnel.o [1]
Tunnel_playing          0x000006f7  0x1da  Code  Lc  tunnel.o [1]
Tunnel_playing_e        0x000006b3   0x32  Code  Lc  tunnel.o [1]
Tunnel_playing_s        0x0000357c   0x14  Data  Lc  tunnel.o [1]
Tunnel_playing_x        0x000006e5   0x12  Code  Lc  tunnel.o [1]
Tunnel_screen_saver     0x00000967   0x12  Code  Lc  tunnel.o [1]
Tunnel_screen_saver_hide
                        0x000009a1   0x12  Code  Lc  tunnel.o [1]
Tunnel_screen_saver_hide_e
                        0x00000979   0x18  Code  Lc  tunnel.o [1]
Tunnel_screen_saver_hide_s
                        0x000035b8   0x14  Data  Lc  tunnel.o [1]
Tunnel_screen_saver_hide_x
                        0x00000991   0x10  Code  Lc  tunnel.o [1]
Tunnel_screen_saver_i   0x0000095f    0x8  Code  Lc  tunnel.o [1]
Tunnel_screen_saver_s   0x000035a4   0x14  Data  Lc  tunnel.o [1]
Tunnel_screen_saver_show
                        0x00000a1f   0x12  Code  Lc  tunnel.o [1]
Tunnel_screen_saver_show_e
                        0x000009b3   0x4e  Code  Lc  tunnel.o [1]
Tunnel_screen_saver_show_s
                        0x000035cc   0x14  Data  Lc  tunnel.o [1]
Tunnel_screen_saver_show_x
                        0x00000a01   0x1e  Code  Lc  tunnel.o [1]
Tunnel_show_logo        0x0000057b   0x66  Code  Lc  tunnel.o [1]
Tunnel_show_logo_e      0x00000525   0x3e  Code  Lc  tunnel.o [1]
Tunnel_show_logo_s      0x00003554   0x14  Data  Lc  tunnel.o [1]
Tunnel_show_logo_x      0x00000563   0x18  Code  Lc  tunnel.o [1]
__Vectors               0x00000000          --   Gb  startup_LM3S811.o [1]
__Vectors_End           0x000000b8         Data  Gb  startup_LM3S811.o [1]
__Vectors_Size {Abs}    0x000000b8          --   Gb  startup_LM3S811.o [1]
__aeabi_memset          0x00001789         Code  Gb  ABImemset.o [4]
__cmain                 0x00003041         Code  Gb  cmain.o [4]
__exit                  0x00003099   0x14  Code  Gb  exit.o [5]
__iar_Memset            0x00001789         Code  Gb  ABImemset.o [4]
__iar_Memset_word       0x00001791         Code  Gb  ABImemset.o [4]
__iar_copy_init3        0x00003361   0x2c  Code  Gb  copy_init3.o [4]
__iar_data_init3        0x00003061   0x28  Code  Gb  data_init.o [4]
__iar_program_start     0x00003035         Code  Gb  cstartup_M.o [4]
__iar_unaligned___aeabi_memcpy
                        0x00001215         Code  Gb  ABImemcpy_unaligned.o [4]
__iar_unaligned___aeabi_memcpy4
                        0x00001235         Code  Gb  ABImemcpy_unaligned.o [4]
__iar_unaligned___aeabi_memcpy8
                        0x00001235         Code  Gb  ABImemcpy_unaligned.o [4]
__iar_unaligned___aeabi_memmove
                        0x0000119d         Code  Gb  ABImemmove_unaligned.o [4]
__iar_unaligned___aeabi_memmove4
                        0x0000119d         Code  Gb  ABImemmove_unaligned.o [4]
__iar_unaligned___aeabi_memmove8
                        0x0000119d         Code  Gb  ABImemmove_unaligned.o [4]
__iar_zero_init3        0x00003219   0x40  Code  Gb  zero_init3.o [4]
__low_level_init        0x0000305b    0x4  Code  Gb  low_level_init.o [3]
__vector_table          0x00000000         Data  Gb  startup_LM3S811.o [1]
_call_main              0x0000304d         Code  Gb  cmain.o [4]
_exit                   0x0000308d         Code  Gb  cexit.o [4]
_main                   0x00003057         Code  Gb  cmain.o [4]
assert_failed           0x00003025         Code  Gb  startup_LM3S811.o [1]
do_bitmaps_overlap      0x00000a6b   0xf0  Code  Gb  tunnel.o [1]
exit                    0x00003089    0x4  Code  Gb  exit.o [3]
explosion0_bits         0x00003858    0x8  Data  Lc  tunnel.o [1]
explosion1_bits         0x00003860    0x8  Data  Lc  tunnel.o [1]
explosion2_bits         0x00003868    0x8  Data  Lc  tunnel.o [1]
explosion3_bits         0x00003870    0x8  Data  Lc  tunnel.o [1]
g_pucFont               0x00002b04  0x1dc  Data  Lc  display96x16x1.o [1]
g_pucOSRAMInit          0x00002f0c   0x74  Data  Lc  display96x16x1.o [1]
g_pucOSRAMRow1          0x00003760    0x8  Data  Lc  display96x16x1.o [1]
g_pucOSRAMRow2          0x00003768    0x8  Data  Lc  display96x16x1.o [1]
g_pucRITInit            0x000030ac   0x50  Data  Lc  display96x16x1.o [1]
g_pucRITRow1            0x00003770    0x8  Data  Lc  display96x16x1.o [1]
g_pucRITRow2            0x00003778    0x8  Data  Lc  display96x16x1.o [1]
g_ucColumnAdjust        0x2000056d    0x1  Data  Lc  display96x16x1.o [1]
g_ucDisplayIsRIT        0x2000056c    0x1  Data  Lc  display96x16x1.o [1]
g_ulDelay               0x2000054c    0x4  Data  Lc  display96x16x1.o [1]
initial_events          0x0000182b   0x16  Code  Lc  qk.o [1]
l_bitmap                0x000030fc   0x50  Data  Lc  tunnel.o [1]
l_frame                 0x200000c8   0xc0  Data  Lc  tunnel.o [1]
l_mine1                 0x2000033c   0x50  Data  Lc  mine1.o [1]
l_mine2                 0x2000038c   0x50  Data  Lc  mine2.o [1]
l_missile               0x2000044c   0x30  Data  Lc  missile.o [1]
l_msm_top_s             0x0000348c   0x14  Data  Lc  qep_msm.o [1]
l_pulXtals              0x00002f80   0x5c  Data  Lc  system_LM3S811.o [1]
l_rnd                   0x20000568    0x4  Data  Lc  tunnel.o [1]
l_ship                  0x20000418   0x34  Data  Lc  ship.o [1]
l_tunnel                0x20000228   0x90  Data  Lc  tunnel.o [1]
l_walls                 0x20000008   0xc0  Data  Lc  tunnel.o [1]
main                    0x00002e4d   0xc0  Code  Gb  main.o [1]
mine1_bits              0x00003894    0x4  Data  Lc  tunnel.o [1]
mine2_bits              0x00003898    0x4  Data  Lc  tunnel.o [1]
mine2_missile_bits      0x0000389c    0x4  Data  Lc  tunnel.o [1]
missile_bits            0x00003890    0x4  Data  Lc  tunnel.o [1]
press_button_bits       0x00003258   0x38  Data  Lc  tunnel.o [1]
random                  0x00000a51   0x14  Code  Lc  tunnel.o [1]
randomSeed              0x00000a65    0x6  Code  Lc  tunnel.o [1]
ship_bits               0x00003850    0x8  Data  Lc  tunnel.o [1]


[1] = C:\qp\qpc\examples\arm-cm\game_ek-lm3s811\qk\iar\dbg
[2] = command line
[3] = dl7M_tln.a
[4] = rt7M_tl.a
[5] = shb_l.a

  11 884 bytes of readonly  code memory
   2 632 bytes of readonly  data memory
   2 416 bytes of readwrite data memory

Errors: none
Warnings: none
